// Jest Snapshot v1, https://goo.gl/fbAQLP

exports[`renders correctly 1`] = `
<Text
  style={
    [
      [
        {
          "fontFamily": "Montserrat",
          "fontSize": 16,
          "fontWeight": "400",
        },
        {
          "color": "#000000",
        },
      ],
      undefined,
    ]
  }
>
  Snapshot test!
</Text>
`;
